// Jest Snapshot v1, https://goo.gl/fbAQLP

exports[`<Agenda /> matches snapshot 1`] = `
<View
  className="flex-1"
  style={
    {
      "backgroundColor": "#eee",
    }
  }
>
  <View
    style={
      {
        "backgroundColor": "#eee",
      }
    }
  >
    <View>
      <Text
        style={
          {
            "color": undefined,
            "fontFamily": undefined,
          }
        }
      >
        Agenda
      </Text>
    </View>
  </View>
  <Text>
    To do
  </Text>
  <RCTScrollView
    className="ml-1"
  >
    <View>
      <View>
        <Text>
          Phase 1: Mash
        </Text>
        <View
          className="flex-row items-center mb-2"
        >
          <View
            accessibilityState={
              {
                "busy": undefined,
                "checked": undefined,
                "disabled": undefined,
                "expanded": undefined,
                "selected": undefined,
              }
            }
            accessibilityValue={
              {
                "max": undefined,
                "min": undefined,
                "now": undefined,
                "text": undefined,
              }
            }
            accessible={true}
            collapsable={false}
            focusable={true}
            onClick={[Function]}
            onResponderGrant={[Function]}
            onResponderMove={[Function]}
            onResponderRelease={[Function]}
            onResponderTerminate={[Function]}
            onResponderTerminationRequest={[Function]}
            onStartShouldSetResponder={[Function]}
            style={
              {
                "opacity": 1,
              }
            }
          >
            <Text>
              ⬜
            </Text>
          </View>
          <Text>
            Heat strike water
          </Text>
        </View>
        <View
          className="flex-row items-center mb-2"
        >
          <View
            accessibilityState={
              {
                "busy": undefined,
                "checked": undefined,
                "disabled": undefined,
                "expanded": undefined,
                "selected": undefined,
              }
            }
            accessibilityValue={
              {
                "max": undefined,
                "min": undefined,
                "now": undefined,
                "text": undefined,
              }
            }
            accessible={true}
            collapsable={false}
            focusable={true}
            onClick={[Function]}
            onResponderGrant={[Function]}
            onResponderMove={[Function]}
            onResponderRelease={[Function]}
            onResponderTerminate={[Function]}
            onResponderTerminationRequest={[Function]}
            onStartShouldSetResponder={[Function]}
            style={
              {
                "opacity": 1,
              }
            }
          >
            <Text>
              ⬜
            </Text>
          </View>
          <Text>
            Mash in
          </Text>
        </View>
        <View
          className="flex-row items-center mb-2"
        >
          <View
            accessibilityState={
              {
                "busy": undefined,
                "checked": undefined,
                "disabled": undefined,
                "expanded": undefined,
                "selected": undefined,
              }
            }
            accessibilityValue={
              {
                "max": undefined,
                "min": undefined,
                "now": undefined,
                "text": undefined,
              }
            }
            accessible={true}
            collapsable={false}
            focusable={true}
            onClick={[Function]}
            onResponderGrant={[Function]}
            onResponderMove={[Function]}
            onResponderRelease={[Function]}
            onResponderTerminate={[Function]}
            onResponderTerminationRequest={[Function]}
            onStartShouldSetResponder={[Function]}
            style={
              {
                "opacity": 1,
              }
            }
          >
            <Text>
              ⬜
            </Text>
          </View>
          <Text>
            Saccharification rest
          </Text>
        </View>
        <View
          className="flex-row items-center mb-2"
        >
          <View
            accessibilityState={
              {
                "busy": undefined,
                "checked": undefined,
                "disabled": undefined,
                "expanded": undefined,
                "selected": undefined,
              }
            }
            accessibilityValue={
              {
                "max": undefined,
                "min": undefined,
                "now": undefined,
                "text": undefined,
              }
            }
            accessible={true}
            collapsable={false}
            focusable={true}
            onClick={[Function]}
            onResponderGrant={[Function]}
            onResponderMove={[Function]}
            onResponderRelease={[Function]}
            onResponderTerminate={[Function]}
            onResponderTerminationRequest={[Function]}
            onStartShouldSetResponder={[Function]}
            style={
              {
                "opacity": 1,
              }
            }
          >
            <Text>
              ⬜
            </Text>
          </View>
          <Text>
            Mash out
          </Text>
        </View>
      </View>
    </View>
  </RCTScrollView>
</View>
`;
