// Jest Snapshot v1, https://goo.gl/fbAQLP

exports[`ChatBot snapshot 1`] = `
<View>
  <View
    style={
      {
        "backgroundColor": "#eee",
        "flex": 1,
      }
    }
  >
    <View>
      <Text>
        ChatBot
      </Text>
    </View>
    <View
      onLayout={[Function]}
      style={
        [
          {
            "backgroundColor": "#eee",
            "flex": 1,
          },
          {
            "paddingBottom": 0,
          },
        ]
      }
    >
      <View>
        <RCTScrollView
          showsVerticalScrollIndicator={false}
        >
          <View>
            <View>
              <View
                className="flex-row items-center gap-2"
              >
                <View>
                  <Text>
                    BotMessageSquare
                  </Text>
                </View>
                <Text
                  style={
                    {
                      "color": undefined,
                      "fontFamily": undefined,
                      "fontSize": 14,
                    }
                  }
                >
                  BeerBot
                </Text>
              </View>
              <View
                style={
                  {
                    "alignSelf": "flex-start",
                    "marginBottom": 4,
                    "maxWidth": "90%",
                    "paddingInline": 16,
                  }
                }
                testID="bot-msg-0"
              >
                <Text>
                  Hey! How can I help you today?
                </Text>
              </View>
            </View>
          </View>
        </RCTScrollView>
        <View
          className="flex flex-row items-center justify-between gap-2 py-2"
        >
          <View
            accessibilityState={
              {
                "busy": undefined,
                "checked": undefined,
                "disabled": undefined,
                "expanded": undefined,
                "selected": undefined,
              }
            }
            accessibilityValue={
              {
                "max": undefined,
                "min": undefined,
                "now": undefined,
                "text": undefined,
              }
            }
            accessible={true}
            collapsable={false}
            focusable={true}
            onBlur={[Function]}
            onClick={[Function]}
            onFocus={[Function]}
            onResponderGrant={[Function]}
            onResponderMove={[Function]}
            onResponderRelease={[Function]}
            onResponderTerminate={[Function]}
            onResponderTerminationRequest={[Function]}
            onStartShouldSetResponder={[Function]}
          >
            <Text>
              Plus
            </Text>
          </View>
          <TextInput
            onChangeText={[Function]}
            placeholder="Type a message..."
            style={
              {
                "backgroundColor": "#fff",
                "borderColor": undefined,
                "borderRadius": 20,
                "borderWidth": 1,
                "flex": 1,
                "fontFamily": "System",
                "paddingHorizontal": 16,
                "paddingVertical": 10,
              }
            }
            testID="chat-input"
            value=""
          />
          <View
            accessibilityState={
              {
                "busy": undefined,
                "checked": undefined,
                "disabled": undefined,
                "expanded": undefined,
                "selected": undefined,
              }
            }
            accessibilityValue={
              {
                "max": undefined,
                "min": undefined,
                "now": undefined,
                "text": undefined,
              }
            }
            accessible={true}
            collapsable={false}
            focusable={true}
            onClick={[Function]}
            onResponderGrant={[Function]}
            onResponderMove={[Function]}
            onResponderRelease={[Function]}
            onResponderTerminate={[Function]}
            onResponderTerminationRequest={[Function]}
            onStartShouldSetResponder={[Function]}
            style={
              {
                "backgroundColor": "#000",
                "borderRadius": 45,
                "opacity": 1,
              }
            }
            testID="send-button"
          >
            <Text>
              <Text>
                SendHorizonal
              </Text>
            </Text>
          </View>
        </View>
      </View>
    </View>
  </View>
</View>
`;
