// Jest Snapshot v1, https://goo.gl/fbAQLP

exports[`ChatBot snapshot 1`] = `
<View>
  <View
    style={
      {
        "backgroundColor": "#eee",
        "flex": 1,
      }
    }
  >
    <View>
      <Text>
        ChatBot
      </Text>
    </View>
    <View
      onLayout={[Function]}
      style={
        [
          {
            "flex": 1,
          },
          {
            "paddingBottom": 0,
          },
        ]
      }
    >
      <View
        style={
          {
            "flex": 1,
          }
        }
      >
        <RCTScrollView
          contentContainerStyle={
            {
              "paddingBottom": 10,
            }
          }
          style={
            {
              "flex": 1,
              "paddingHorizontal": 12,
              "paddingTop": 10,
            }
          }
        >
          <View>
            <View
              style={
                {
                  "alignSelf": "flex-start",
                  "backgroundColor": "#fff",
                  "borderRadius": 16,
                  "marginVertical": 4,
                  "maxWidth": "80%",
                  "padding": 10,
                }
              }
              testID="bot-msg-0"
            >
              <Text>
                Hey! How can I help you today?
              </Text>
            </View>
          </View>
        </RCTScrollView>
        <View
          style={
            {
              "alignItems": "center",
              "flexDirection": "row",
              "paddingVertical": 8,
            }
          }
        >
          <View
            accessibilityState={
              {
                "busy": undefined,
                "checked": undefined,
                "disabled": undefined,
                "expanded": undefined,
                "selected": undefined,
              }
            }
            accessibilityValue={
              {
                "max": undefined,
                "min": undefined,
                "now": undefined,
                "text": undefined,
              }
            }
            accessible={true}
            collapsable={false}
            focusable={true}
            onClick={[Function]}
            onResponderGrant={[Function]}
            onResponderMove={[Function]}
            onResponderRelease={[Function]}
            onResponderTerminate={[Function]}
            onResponderTerminationRequest={[Function]}
            onStartShouldSetResponder={[Function]}
            style={
              {
                "alignItems": "center",
                "backgroundColor": "#000",
                "borderRadius": 20,
                "height": 40,
                "justifyContent": "center",
                "marginRight": 8,
                "opacity": 1,
                "paddingHorizontal": 16,
                "paddingVertical": 8,
                "width": 40,
              }
            }
          >
            <Text
              style={
                {
                  "color": "#fff",
                  "fontFamily": "System",
                  "fontSize": 16,
                }
              }
            >
              +
            </Text>
          </View>
          <TextInput
            onChangeText={[Function]}
            placeholder="Type a message..."
            style={
              {
                "backgroundColor": "#fff",
                "borderColor": "#ccc",
                "borderRadius": 20,
                "borderWidth": 1,
                "flex": 1,
                "fontFamily": "System",
                "paddingHorizontal": 16,
                "paddingVertical": 10,
              }
            }
            testID="chat-input"
            value=""
          />
          <View
            style={
              {
                "marginLeft": 8,
              }
            }
          >
            <View
              accessibilityState={
                {
                  "busy": undefined,
                  "checked": undefined,
                  "disabled": undefined,
                  "expanded": undefined,
                  "selected": undefined,
                }
              }
              accessibilityValue={
                {
                  "max": undefined,
                  "min": undefined,
                  "now": undefined,
                  "text": undefined,
                }
              }
              accessible={true}
              collapsable={false}
              focusable={true}
              onClick={[Function]}
              onResponderGrant={[Function]}
              onResponderMove={[Function]}
              onResponderRelease={[Function]}
              onResponderTerminate={[Function]}
              onResponderTerminationRequest={[Function]}
              onStartShouldSetResponder={[Function]}
              style={
                {
                  "alignItems": "center",
                  "backgroundColor": "#000",
                  "borderRadius": 20,
                  "justifyContent": "center",
                  "minHeight": 40,
                  "minWidth": 60,
                  "opacity": 1,
                  "paddingHorizontal": 16,
                  "paddingVertical": 8,
                }
              }
              testID="send-button"
            >
              <Text>
                <Text
                  style={
                    {
                      "color": "#fff",
                      "fontFamily": "System",
                      "fontSize": 16,
                    }
                  }
                >
                  Send
                </Text>
              </Text>
            </View>
          </View>
        </View>
      </View>
    </View>
  </View>
</View>
`;
