// Jest Snapshot v1, https://goo.gl/fbAQLP

exports[`<HomePage /> matches snapshot 1`] = `
<View
  className="flex-1"
>
  <View>
    <Text>
      StartToBrew
    </Text>
  </View>
  <RCTScrollView
    style={
      {
        "backgroundColor": "#eee",
      }
    }
  >
    <View>
      <Text>
        In progress
      </Text>
      <View>
        <View
          accessibilityState={
            {
              "busy": undefined,
              "checked": undefined,
              "disabled": false,
              "expanded": undefined,
              "selected": undefined,
            }
          }
          accessibilityValue={
            {
              "max": undefined,
              "min": undefined,
              "now": undefined,
              "text": undefined,
            }
          }
          accessible={true}
          className="mb-3 rounded-xl overflow-hidden"
          collapsable={false}
          focusable={true}
          onBlur={[Function]}
          onClick={[Function]}
          onFocus={[Function]}
          onResponderGrant={[Function]}
          onResponderMove={[Function]}
          onResponderRelease={[Function]}
          onResponderTerminate={[Function]}
          onResponderTerminationRequest={[Function]}
          onStartShouldSetResponder={[Function]}
          style={
            [
              false,
              undefined,
            ]
          }
        >
          <View
            collapsable={false}
            style={
              {
                "backgroundColor": "#fff",
                "borderRadius": 12,
                "marginBlock": 3,
                "marginInline": 2,
                "shadowColor": "#000",
                "shadowOffset": {
                  "height": 1,
                  "width": 0,
                },
                "shadowOpacity": 0.15,
                "shadowRadius": 3,
              }
            }
            testID="card-container-outer-layer"
          >
            <View
              collapsable={false}
              style={
                {
                  "backgroundColor": "#fff",
                  "borderRadius": 12,
                  "flex": undefined,
                  "padding": 16,
                  "shadowColor": "#000",
                  "shadowOffset": {
                    "height": 1,
                    "width": 0,
                  },
                  "shadowOpacity": 0.3,
                  "shadowRadius": 1,
                }
              }
              testID="card-container"
            >
              <View
                style={
                  [
                    {
                      "flexShrink": 1,
                    },
                    undefined,
                  ]
                }
                testID="card"
              >
                <Text
                  borderRadiusStyles={
                    {
                      "borderRadius": 12,
                    }
                  }
                  index={0}
                  siblings={
                    [
                      "Text",
                      "Text",
                    ]
                  }
                  style={
                    {
                      "color": undefined,
                      "fontFamily": "System",
                      "fontSize": 24,
                      "marginBottom": 6,
                    }
                  }
                  total={3}
                >
                  Hazy IPA
                </Text>
                <Text
                  borderRadiusStyles={
                    {
                      "borderRadius": 12,
                    }
                  }
                  index={1}
                  siblings={
                    [
                      "Text",
                      "Text",
                    ]
                  }
                  style={
                    {
                      "color": "#f00",
                      "fontFamily": "System",
                      "fontSize": 18,
                    }
                  }
                  total={3}
                >
                  30
                  %
                </Text>
                <View
                  accessibilityRole="progressbar"
                  accessibilityState={
                    {
                      "busy": true,
                    }
                  }
                  accessibilityValue={
                    {
                      "max": 100,
                      "min": 0,
                      "now": 30,
                    }
                  }
                  accessible={true}
                  borderRadiusStyles={
                    {
                      "borderRadius": 12,
                    }
                  }
                  index={2}
                  onLayout={[Function]}
                  siblings={
                    [
                      "Text",
                      "Text",
                    ]
                  }
                  style={false}
                  testID="progress-bar"
                  total={3}
                >
                  <View
                    collapsable={false}
                    style={
                      {
                        "backgroundColor": "rgba(231, 224, 236, 1)",
                        "borderRadius": 6,
                        "height": 12,
                        "opacity": 0,
                        "overflow": "hidden",
                      }
                    }
                  />
                </View>
              </View>
            </View>
          </View>
        </View>
        <View
          accessibilityState={
            {
              "busy": undefined,
              "checked": undefined,
              "disabled": false,
              "expanded": undefined,
              "selected": undefined,
            }
          }
          accessibilityValue={
            {
              "max": undefined,
              "min": undefined,
              "now": undefined,
              "text": undefined,
            }
          }
          accessible={true}
          className="mb-3 rounded-xl overflow-hidden"
          collapsable={false}
          focusable={true}
          onBlur={[Function]}
          onClick={[Function]}
          onFocus={[Function]}
          onResponderGrant={[Function]}
          onResponderMove={[Function]}
          onResponderRelease={[Function]}
          onResponderTerminate={[Function]}
          onResponderTerminationRequest={[Function]}
          onStartShouldSetResponder={[Function]}
          style={
            [
              false,
              undefined,
            ]
          }
        >
          <View
            collapsable={false}
            style={
              {
                "backgroundColor": "#fff",
                "borderRadius": 12,
                "marginBlock": 3,
                "marginInline": 2,
                "shadowColor": "#000",
                "shadowOffset": {
                  "height": 1,
                  "width": 0,
                },
                "shadowOpacity": 0.15,
                "shadowRadius": 3,
              }
            }
            testID="card-container-outer-layer"
          >
            <View
              collapsable={false}
              style={
                {
                  "backgroundColor": "#fff",
                  "borderRadius": 12,
                  "flex": undefined,
                  "padding": 16,
                  "shadowColor": "#000",
                  "shadowOffset": {
                    "height": 1,
                    "width": 0,
                  },
                  "shadowOpacity": 0.3,
                  "shadowRadius": 1,
                }
              }
              testID="card-container"
            >
              <View
                style={
                  [
                    {
                      "flexShrink": 1,
                    },
                    undefined,
                  ]
                }
                testID="card"
              >
                <Text
                  borderRadiusStyles={
                    {
                      "borderRadius": 12,
                    }
                  }
                  index={0}
                  siblings={
                    [
                      "Text",
                      "Text",
                    ]
                  }
                  style={
                    {
                      "color": undefined,
                      "fontFamily": "System",
                      "fontSize": 24,
                      "marginBottom": 6,
                    }
                  }
                  total={3}
                >
                  Belgian Tripel
                </Text>
                <Text
                  borderRadiusStyles={
                    {
                      "borderRadius": 12,
                    }
                  }
                  index={1}
                  siblings={
                    [
                      "Text",
                      "Text",
                    ]
                  }
                  style={
                    {
                      "color": "#f00",
                      "fontFamily": "System",
                      "fontSize": 18,
                    }
                  }
                  total={3}
                >
                  65
                  %
                </Text>
                <View
                  accessibilityRole="progressbar"
                  accessibilityState={
                    {
                      "busy": true,
                    }
                  }
                  accessibilityValue={
                    {
                      "max": 100,
                      "min": 0,
                      "now": 65,
                    }
                  }
                  accessible={true}
                  borderRadiusStyles={
                    {
                      "borderRadius": 12,
                    }
                  }
                  index={2}
                  onLayout={[Function]}
                  siblings={
                    [
                      "Text",
                      "Text",
                    ]
                  }
                  style={false}
                  testID="progress-bar"
                  total={3}
                >
                  <View
                    collapsable={false}
                    style={
                      {
                        "backgroundColor": "rgba(231, 224, 236, 1)",
                        "borderRadius": 6,
                        "height": 12,
                        "opacity": 0,
                        "overflow": "hidden",
                      }
                    }
                  />
                </View>
              </View>
            </View>
          </View>
        </View>
        <View
          accessibilityState={
            {
              "busy": undefined,
              "checked": undefined,
              "disabled": false,
              "expanded": undefined,
              "selected": undefined,
            }
          }
          accessibilityValue={
            {
              "max": undefined,
              "min": undefined,
              "now": undefined,
              "text": undefined,
            }
          }
          accessible={true}
          className="mb-3 rounded-xl overflow-hidden"
          collapsable={false}
          focusable={true}
          onBlur={[Function]}
          onClick={[Function]}
          onFocus={[Function]}
          onResponderGrant={[Function]}
          onResponderMove={[Function]}
          onResponderRelease={[Function]}
          onResponderTerminate={[Function]}
          onResponderTerminationRequest={[Function]}
          onStartShouldSetResponder={[Function]}
          style={
            [
              false,
              undefined,
            ]
          }
        >
          <View
            collapsable={false}
            style={
              {
                "backgroundColor": "#fff",
                "borderRadius": 12,
                "marginBlock": 3,
                "marginInline": 2,
                "shadowColor": "#000",
                "shadowOffset": {
                  "height": 1,
                  "width": 0,
                },
                "shadowOpacity": 0.15,
                "shadowRadius": 3,
              }
            }
            testID="card-container-outer-layer"
          >
            <View
              collapsable={false}
              style={
                {
                  "backgroundColor": "#fff",
                  "borderRadius": 12,
                  "flex": undefined,
                  "padding": 16,
                  "shadowColor": "#000",
                  "shadowOffset": {
                    "height": 1,
                    "width": 0,
                  },
                  "shadowOpacity": 0.3,
                  "shadowRadius": 1,
                }
              }
              testID="card-container"
            >
              <View
                style={
                  [
                    {
                      "flexShrink": 1,
                    },
                    undefined,
                  ]
                }
                testID="card"
              >
                <Text
                  borderRadiusStyles={
                    {
                      "borderRadius": 12,
                    }
                  }
                  index={0}
                  siblings={
                    [
                      "Text",
                      "Text",
                    ]
                  }
                  style={
                    {
                      "color": undefined,
                      "fontFamily": "System",
                      "fontSize": 24,
                      "marginBottom": 6,
                    }
                  }
                  total={3}
                >
                  American Pale Ale
                </Text>
                <Text
                  borderRadiusStyles={
                    {
                      "borderRadius": 12,
                    }
                  }
                  index={1}
                  siblings={
                    [
                      "Text",
                      "Text",
                    ]
                  }
                  style={
                    {
                      "color": "#f00",
                      "fontFamily": "System",
                      "fontSize": 18,
                    }
                  }
                  total={3}
                >
                  85
                  %
                </Text>
                <View
                  accessibilityRole="progressbar"
                  accessibilityState={
                    {
                      "busy": true,
                    }
                  }
                  accessibilityValue={
                    {
                      "max": 100,
                      "min": 0,
                      "now": 85,
                    }
                  }
                  accessible={true}
                  borderRadiusStyles={
                    {
                      "borderRadius": 12,
                    }
                  }
                  index={2}
                  onLayout={[Function]}
                  siblings={
                    [
                      "Text",
                      "Text",
                    ]
                  }
                  style={false}
                  testID="progress-bar"
                  total={3}
                >
                  <View
                    collapsable={false}
                    style={
                      {
                        "backgroundColor": "rgba(231, 224, 236, 1)",
                        "borderRadius": 6,
                        "height": 12,
                        "opacity": 0,
                        "overflow": "hidden",
                      }
                    }
                  />
                </View>
              </View>
            </View>
          </View>
        </View>
      </View>
      <Text>
        Popular recipes
      </Text>
      <View>
        <View
          accessibilityState={
            {
              "busy": undefined,
              "checked": undefined,
              "disabled": undefined,
              "expanded": undefined,
              "selected": undefined,
            }
          }
          accessibilityValue={
            {
              "max": undefined,
              "min": undefined,
              "now": undefined,
              "text": undefined,
            }
          }
          accessible={true}
          collapsable={false}
          focusable={true}
          onBlur={[Function]}
          onClick={[Function]}
          onFocus={[Function]}
          onResponderGrant={[Function]}
          onResponderMove={[Function]}
          onResponderRelease={[Function]}
          onResponderTerminate={[Function]}
          onResponderTerminationRequest={[Function]}
          onStartShouldSetResponder={[Function]}
        >
          <View>
            <Text>
              IJ IPA
            </Text>
            <View
              accessibilityLabel="favorite-IJ IPA"
              accessibilityState={
                {
                  "busy": undefined,
                  "checked": undefined,
                  "disabled": undefined,
                  "expanded": undefined,
                  "selected": undefined,
                }
              }
              accessibilityValue={
                {
                  "max": undefined,
                  "min": undefined,
                  "now": undefined,
                  "text": undefined,
                }
              }
              accessible={true}
              collapsable={false}
              focusable={true}
              onBlur={[Function]}
              onClick={[Function]}
              onFocus={[Function]}
              onResponderGrant={[Function]}
              onResponderMove={[Function]}
              onResponderRelease={[Function]}
              onResponderTerminate={[Function]}
              onResponderTerminationRequest={[Function]}
              onStartShouldSetResponder={[Function]}
            >
              <Text>
                FavBtn
              </Text>
            </View>
          </View>
        </View>
        <View
          accessibilityState={
            {
              "busy": undefined,
              "checked": undefined,
              "disabled": undefined,
              "expanded": undefined,
              "selected": undefined,
            }
          }
          accessibilityValue={
            {
              "max": undefined,
              "min": undefined,
              "now": undefined,
              "text": undefined,
            }
          }
          accessible={true}
          collapsable={false}
          focusable={true}
          onBlur={[Function]}
          onClick={[Function]}
          onFocus={[Function]}
          onResponderGrant={[Function]}
          onResponderMove={[Function]}
          onResponderRelease={[Function]}
          onResponderTerminate={[Function]}
          onResponderTerminationRequest={[Function]}
          onStartShouldSetResponder={[Function]}
        >
          <View>
            <Text>
              Voodoo Ranger
            </Text>
            <View
              accessibilityLabel="favorite-Voodoo Ranger"
              accessibilityState={
                {
                  "busy": undefined,
                  "checked": undefined,
                  "disabled": undefined,
                  "expanded": undefined,
                  "selected": undefined,
                }
              }
              accessibilityValue={
                {
                  "max": undefined,
                  "min": undefined,
                  "now": undefined,
                  "text": undefined,
                }
              }
              accessible={true}
              collapsable={false}
              focusable={true}
              onBlur={[Function]}
              onClick={[Function]}
              onFocus={[Function]}
              onResponderGrant={[Function]}
              onResponderMove={[Function]}
              onResponderRelease={[Function]}
              onResponderTerminate={[Function]}
              onResponderTerminationRequest={[Function]}
              onStartShouldSetResponder={[Function]}
            >
              <Text>
                FavBtn
              </Text>
            </View>
          </View>
        </View>
        <View
          accessibilityState={
            {
              "busy": undefined,
              "checked": undefined,
              "disabled": undefined,
              "expanded": undefined,
              "selected": undefined,
            }
          }
          accessibilityValue={
            {
              "max": undefined,
              "min": undefined,
              "now": undefined,
              "text": undefined,
            }
          }
          accessible={true}
          collapsable={false}
          focusable={true}
          onBlur={[Function]}
          onClick={[Function]}
          onFocus={[Function]}
          onResponderGrant={[Function]}
          onResponderMove={[Function]}
          onResponderRelease={[Function]}
          onResponderTerminate={[Function]}
          onResponderTerminationRequest={[Function]}
          onStartShouldSetResponder={[Function]}
        >
          <View>
            <Text>
              Two Hearted IPA
            </Text>
            <View
              accessibilityLabel="favorite-Two Hearted IPA"
              accessibilityState={
                {
                  "busy": undefined,
                  "checked": undefined,
                  "disabled": undefined,
                  "expanded": undefined,
                  "selected": undefined,
                }
              }
              accessibilityValue={
                {
                  "max": undefined,
                  "min": undefined,
                  "now": undefined,
                  "text": undefined,
                }
              }
              accessible={true}
              collapsable={false}
              focusable={true}
              onBlur={[Function]}
              onClick={[Function]}
              onFocus={[Function]}
              onResponderGrant={[Function]}
              onResponderMove={[Function]}
              onResponderRelease={[Function]}
              onResponderTerminate={[Function]}
              onResponderTerminationRequest={[Function]}
              onStartShouldSetResponder={[Function]}
            >
              <Text>
                FavBtn
              </Text>
            </View>
          </View>
        </View>
      </View>
    </View>
  </RCTScrollView>
  <View
    collapsable={false}
    style={
      {
        "backgroundColor": "#000",
        "borderRadius": 20,
        "bottom": 25,
        "opacity": 1,
        "position": "absolute",
        "right": 10,
        "shadowColor": "#000",
        "shadowOffset": {
          "height": 4,
          "width": 0,
        },
        "shadowOpacity": 0.15,
        "shadowRadius": 8,
        "transform": [
          {
            "scale": 1,
          },
        ],
      }
    }
    testID="fab-container-outer-layer"
  >
    <View
      collapsable={false}
      pointerEvents="auto"
      style={
        {
          "backgroundColor": "#000",
          "borderRadius": 20,
          "flex": undefined,
          "shadowColor": "#000",
          "shadowOffset": {
            "height": 1,
            "width": 0,
          },
          "shadowOpacity": 0.3,
          "shadowRadius": 3,
        }
      }
      testID="fab-container"
    >
      <View
        accessibilityRole="button"
        accessibilityState={
          {
            "busy": undefined,
            "checked": undefined,
            "disabled": false,
            "expanded": undefined,
            "selected": undefined,
          }
        }
        accessibilityValue={
          {
            "max": undefined,
            "min": undefined,
            "now": undefined,
            "text": undefined,
          }
        }
        accessible={true}
        collapsable={false}
        focusable={true}
        onBlur={[Function]}
        onClick={[Function]}
        onFocus={[Function]}
        onResponderGrant={[Function]}
        onResponderMove={[Function]}
        onResponderRelease={[Function]}
        onResponderTerminate={[Function]}
        onResponderTerminationRequest={[Function]}
        onStartShouldSetResponder={[Function]}
        style={
          [
            {
              "overflow": "hidden",
            },
            {
              "borderRadius": 20,
            },
          ]
        }
        testID="fab"
      >
        <View
          pointerEvents="none"
          style={
            [
              {
                "alignItems": "center",
                "flexDirection": "row",
                "justifyContent": "center",
              },
              {
                "borderRadius": 16,
                "height": 56,
                "width": 56,
              },
            ]
          }
          testID="fab-content"
        >
          <View
            style={
              [
                {
                  "alignItems": "center",
                  "justifyContent": "center",
                },
                {
                  "height": 24,
                  "width": 24,
                },
              ]
            }
          >
            <View
              collapsable={false}
              style={
                {
                  "bottom": 0,
                  "left": 0,
                  "opacity": 1,
                  "position": "absolute",
                  "right": 0,
                  "top": 0,
                  "transform": [
                    {
                      "rotate": "0deg",
                    },
                  ],
                }
              }
              testID="cross-fade-icon-current"
            >
              <RNSVGSvgView
                align="xMidYMid"
                bbHeight={24}
                bbWidth={24}
                fill="none"
                focusable={false}
                height={24}
                meetOrSlice={0}
                minX={0}
                minY={0}
                stroke="#eee"
                strokeLinecap="round"
                strokeLinejoin="round"
                strokeWidth={2}
                style={
                  [
                    {
                      "backgroundColor": "transparent",
                      "borderWidth": 0,
                    },
                    {
                      "flex": 0,
                      "height": 24,
                      "width": 24,
                    },
                  ]
                }
                vbHeight={24}
                vbWidth={24}
                width={24}
                xmlns="http://www.w3.org/2000/svg"
              >
                <RNSVGGroup
                  fill={null}
                  propList={
                    [
                      "fill",
                      "stroke",
                      "strokeWidth",
                      "strokeLinecap",
                      "strokeLinejoin",
                    ]
                  }
                  stroke={
                    {
                      "payload": 4293848814,
                      "type": 0,
                    }
                  }
                  strokeLinecap={1}
                  strokeLinejoin={1}
                  strokeWidth={2}
                >
                  <RNSVGPath
                    d="M5 12h14"
                    fill={null}
                    propList={
                      [
                        "fill",
                        "stroke",
                        "strokeWidth",
                        "strokeLinecap",
                        "strokeLinejoin",
                      ]
                    }
                    stroke={
                      {
                        "payload": 4293848814,
                        "type": 0,
                      }
                    }
                    strokeLinecap={1}
                    strokeLinejoin={1}
                    strokeWidth={2}
                  />
                  <RNSVGPath
                    d="M12 5v14"
                    fill={null}
                    propList={
                      [
                        "fill",
                        "stroke",
                        "strokeWidth",
                        "strokeLinecap",
                        "strokeLinejoin",
                      ]
                    }
                    stroke={
                      {
                        "payload": 4293848814,
                        "type": 0,
                      }
                    }
                    strokeLinecap={1}
                    strokeLinejoin={1}
                    strokeWidth={2}
                  />
                </RNSVGGroup>
              </RNSVGSvgView>
            </View>
          </View>
        </View>
      </View>
    </View>
  </View>
</View>
`;
