// Jest Snapshot v1, https://goo.gl/fbAQLP

exports[`<Progress /> snapshot 1`] = `
[
  <View>
    <Text>
      Progress
    </Text>
  </View>,
  <RCTScrollView
    className="px-3"
    contentContainerStyle={
      {
        "paddingBottom": 85,
      }
    }
    showsVerticalScrollIndicator={false}
  >
    <View>
      <Text>
        black IPA Progress
      </Text>
      <View
        className="flex-row justify-between items-center"
      >
        <Text
          style={
            {
              "color": "#44403c",
              "fontFamily": "Battambang",
              "fontSize": 26,
            }
          }
        >
          60-min Citra
        </Text>
        <View>
          <Text>
            100°C
          </Text>
        </View>
      </View>
      <View
        style={
          {
            "alignItems": "center",
            "backgroundColor": "#FFFFFF",
            "borderRadius": 8,
            "marginBlock": 12,
            "padding": 16,
            "shadowColor": "#44403c",
            "shadowOffset": {
              "height": 1,
              "width": 0,
            },
            "shadowOpacity": 0.07,
          }
        }
      >
        <View>
          <View
            style={
              {
                "alignItems": "center",
              }
            }
          >
            <Text
              style={
                {
                  "color": "#292524",
                  "fontFamily": "Battambang",
                  "fontSize": 28,
                  "marginBottom": 8,
                }
              }
            >
              1
              m 
              0
              s
            </Text>
            <View
              accessibilityState={
                {
                  "busy": undefined,
                  "checked": undefined,
                  "disabled": undefined,
                  "expanded": undefined,
                  "selected": undefined,
                }
              }
              accessibilityValue={
                {
                  "max": undefined,
                  "min": undefined,
                  "now": undefined,
                  "text": undefined,
                }
              }
              accessible={true}
              collapsable={false}
              focusable={true}
              onClick={[Function]}
              onResponderGrant={[Function]}
              onResponderMove={[Function]}
              onResponderRelease={[Function]}
              onResponderTerminate={[Function]}
              onResponderTerminationRequest={[Function]}
              onStartShouldSetResponder={[Function]}
              style={
                {
                  "opacity": 1,
                }
              }
            >
              <Text>
                <Text>
                  Play
                </Text>
              </Text>
            </View>
          </View>
        </View>
      </View>
      <View>
        <Text>
          Ingredients:
        </Text>
        <View
          className="mt-2 flex-row items-center"
        >
          <Text>
            • 
            Malt
             (
            Hop
            ): 
            100
             g
          </Text>
        </View>
      </View>
      <View>
        <Text>
          Description:
        </Text>
        <View
          className="mt-2"
        >
          <Text>
            At T-60: briefly kill the flame to prevent foam, add hops, then resume boil
            .
          </Text>
        </View>
      </View>
      <View
        className="mt-2 flex-row items-start"
      >
        <Text>
          Lightbulb
        </Text>
        <Text>
          Use a spoon
        </Text>
      </View>
    </View>
  </RCTScrollView>,
  <View
    accessibilityState={
      {
        "busy": undefined,
        "checked": undefined,
        "disabled": true,
        "expanded": undefined,
        "selected": undefined,
      }
    }
    accessibilityValue={
      {
        "max": undefined,
        "min": undefined,
        "now": undefined,
        "text": undefined,
      }
    }
    accessible={true}
    collapsable={false}
    focusable={false}
    onClick={[Function]}
    onResponderGrant={[Function]}
    onResponderMove={[Function]}
    onResponderRelease={[Function]}
    onResponderTerminate={[Function]}
    onResponderTerminationRequest={[Function]}
    onStartShouldSetResponder={[Function]}
    style={
      {
        "backgroundColor": "#e7e5e4",
        "borderRadius": 30,
        "bottom": 20,
        "opacity": 1,
        "position": "absolute",
        "right": 20,
      }
    }
    testID="fab-button"
  >
    <Text>
      Next Step
    </Text>
  </View>,
  <View
    accessibilityState={
      {
        "busy": undefined,
        "checked": undefined,
        "disabled": true,
        "expanded": undefined,
        "selected": undefined,
      }
    }
    accessibilityValue={
      {
        "max": undefined,
        "min": undefined,
        "now": undefined,
        "text": undefined,
      }
    }
    accessible={true}
    collapsable={false}
    focusable={false}
    onClick={[Function]}
    onResponderGrant={[Function]}
    onResponderMove={[Function]}
    onResponderRelease={[Function]}
    onResponderTerminate={[Function]}
    onResponderTerminationRequest={[Function]}
    onStartShouldSetResponder={[Function]}
    style={
      {
        "backgroundColor": "#e7e5e4",
        "borderRadius": 30,
        "bottom": 20,
        "left": 20,
        "opacity": 1,
        "position": "absolute",
      }
    }
    testID="fab-button"
  >
    <Text>
      Back Step
    </Text>
  </View>,
  <View
    accessibilityState={
      {
        "busy": undefined,
        "checked": undefined,
        "disabled": undefined,
        "expanded": undefined,
        "selected": undefined,
      }
    }
    accessibilityValue={
      {
        "max": undefined,
        "min": undefined,
        "now": undefined,
        "text": undefined,
      }
    }
    accessible={true}
    collapsable={false}
    focusable={true}
    onClick={[Function]}
    onResponderGrant={[Function]}
    onResponderMove={[Function]}
    onResponderRelease={[Function]}
    onResponderTerminate={[Function]}
    onResponderTerminationRequest={[Function]}
    onStartShouldSetResponder={[Function]}
    style={
      {
        "backgroundColor": "#78350F",
        "borderRadius": 30,
        "bottom": 90,
        "opacity": 1,
        "position": "absolute",
        "right": 20,
      }
    }
    testID="chat-button"
  >
    <Text />
  </View>,
  <View
    onDismiss={[Function]}
    style={
      {
        "backgroundColor": "#FFFFFF",
      }
    }
    visible={false}
  >
    <Text
      style={
        {
          "color": "#B45309",
          "fontFamily": "Battambang_Bold",
          "fontSize": 24,
        }
      }
    >
      Confirm Brew Deletion
    </Text>
    <View>
      <Text
        style={
          {
            "color": "#44403c",
            "fontFamily": "BlackHanSan",
            "fontSize": 26,
          }
        }
      >
        Are you sure you want to delete "black IPA Progress" brew?
      </Text>
    </View>
    <View
      style={
        {
          "flexDirection": "row",
          "justifyContent": "space-between",
        }
      }
    >
      <View
        accessibilityState={
          {
            "busy": undefined,
            "checked": undefined,
            "disabled": undefined,
            "expanded": undefined,
            "selected": undefined,
          }
        }
        accessibilityValue={
          {
            "max": undefined,
            "min": undefined,
            "now": undefined,
            "text": undefined,
          }
        }
        accessible={true}
        collapsable={false}
        focusable={true}
        onClick={[Function]}
        onResponderGrant={[Function]}
        onResponderMove={[Function]}
        onResponderRelease={[Function]}
        onResponderTerminate={[Function]}
        onResponderTerminationRequest={[Function]}
        onStartShouldSetResponder={[Function]}
        style={
          {
            "opacity": 1,
          }
        }
      >
        <Text>
          <Text
            style={
              {
                "color": "#57534e",
                "fontFamily": "Battambang",
                "fontSize": 22,
              }
            }
          >
            Cancel
          </Text>
        </Text>
      </View>
      <View
        accessibilityState={
          {
            "busy": undefined,
            "checked": undefined,
            "disabled": undefined,
            "expanded": undefined,
            "selected": undefined,
          }
        }
        accessibilityValue={
          {
            "max": undefined,
            "min": undefined,
            "now": undefined,
            "text": undefined,
          }
        }
        accessible={true}
        collapsable={false}
        focusable={true}
        onClick={[Function]}
        onResponderGrant={[Function]}
        onResponderMove={[Function]}
        onResponderRelease={[Function]}
        onResponderTerminate={[Function]}
        onResponderTerminationRequest={[Function]}
        onStartShouldSetResponder={[Function]}
        style={
          {
            "opacity": 1,
          }
        }
      >
        <Text>
          <Text
            style={
              {
                "color": "#dc2626",
                "fontFamily": "Battambang_Bold",
                "fontSize": 22,
              }
            }
          >
            Delete
          </Text>
        </Text>
      </View>
    </View>
  </View>,
]
`;
