// Jest Snapshot v1, https://goo.gl/fbAQLP

exports[`<Registration /> matches snapshot 1`] = `
[
  <View
    style={
      [
        {
          "backgroundColor": "#fafafa",
          "elevation": 0,
          "paddingHorizontal": 0,
          "paddingTop": 0,
          "zIndex": 0,
        },
        {},
        {},
      ]
    }
    testID="appbar-header-root-layer"
  >
    <View
      collapsable={false}
      style={
        {
          "backgroundColor": "#fafafa",
          "height": 64,
          "shadowColor": "#000",
          "shadowOffset": {
            "height": 0,
            "width": 0,
          },
          "shadowOpacity": 0,
          "shadowRadius": 0,
        }
      }
      testID="appbar-header-outer-layer"
    >
      <View
        collapsable={false}
        style={
          {
            "alignItems": "center",
            "backgroundColor": "#fafafa",
            "flex": 1,
            "flexDirection": "row",
            "paddingBottom": undefined,
            "paddingHorizontal": 4,
            "paddingLeft": undefined,
            "paddingRight": undefined,
            "paddingTop": undefined,
            "shadowColor": "#000",
            "shadowOffset": {
              "height": 0,
              "width": 0,
            },
            "shadowOpacity": 0,
            "shadowRadius": 0,
          }
        }
        testID="appbar-header"
      >
        <View
          style={
            {
              "width": 52,
            }
          }
        />
        <View
          pointerEvents="box-none"
          style={
            [
              {
                "flex": 1,
                "paddingHorizontal": 12,
              },
              {
                "paddingHorizontal": 0,
              },
              [
                false,
                {
                  "alignItems": "center",
                },
                undefined,
              ],
            ]
          }
          testID="appbar-content"
        >
          <Text
            accessibilityRole="header"
            accessibilityTraits="header"
            accessible={true}
            numberOfLines={1}
            style={
              [
                {
                  "textAlign": "left",
                },
                {
                  "color": "rgba(28, 27, 31, 1)",
                  "writingDirection": "ltr",
                },
                [
                  {
                    "fontFamily": "System",
                    "fontSize": 22,
                    "fontWeight": "400",
                    "letterSpacing": 0,
                    "lineHeight": 28,
                  },
                  [
                    {
                      "color": "rgba(28, 27, 31, 1)",
                      "fontFamily": "System",
                      "fontSize": 22,
                      "fontWeight": "400",
                      "letterSpacing": 0,
                      "lineHeight": 28,
                    },
                    false,
                    {
                      "color": "#000",
                      "fontFamily": "System",
                    },
                  ],
                ],
              ]
            }
            testID="appbar-content-title-text"
          >
            Sign Up to StartToBrew
          </Text>
        </View>
        <View>
          <View
            collapsable={false}
            style={
              {
                "backgroundColor": "transparent",
                "borderRadius": 20,
                "height": 40,
                "margin": 6,
                "shadowColor": "#000",
                "shadowOffset": {
                  "height": 0,
                  "width": 0,
                },
                "shadowOpacity": 0,
                "shadowRadius": 0,
                "width": 40,
              }
            }
            testID="registration-button-container-outer-layer"
          >
            <View
              collapsable={false}
              style={
                {
                  "backgroundColor": "transparent",
                  "borderColor": "rgba(121, 116, 126, 1)",
                  "borderRadius": 20,
                  "borderWidth": 0,
                  "elevation": 0,
                  "flex": 1,
                  "overflow": "hidden",
                  "shadowColor": "#000",
                  "shadowOffset": {
                    "height": 0,
                    "width": 0,
                  },
                  "shadowOpacity": 0,
                  "shadowRadius": 0,
                }
              }
              testID="registration-button-container"
            >
              <View
                accessibilityComponentType="button"
                accessibilityRole="button"
                accessibilityState={
                  {
                    "busy": undefined,
                    "checked": undefined,
                    "disabled": false,
                    "expanded": undefined,
                    "selected": undefined,
                  }
                }
                accessibilityTraits="button"
                accessibilityValue={
                  {
                    "max": undefined,
                    "min": undefined,
                    "now": undefined,
                    "text": undefined,
                  }
                }
                accessible={true}
                centered={true}
                collapsable={false}
                focusable={true}
                hitSlop={
                  {
                    "bottom": 6,
                    "left": 6,
                    "right": 6,
                    "top": 6,
                  }
                }
                onBlur={[Function]}
                onClick={[Function]}
                onFocus={[Function]}
                onResponderGrant={[Function]}
                onResponderMove={[Function]}
                onResponderRelease={[Function]}
                onResponderTerminate={[Function]}
                onResponderTerminationRequest={[Function]}
                onStartShouldSetResponder={[Function]}
                style={
                  [
                    {
                      "overflow": "hidden",
                    },
                    [
                      {
                        "alignItems": "center",
                        "flexGrow": 1,
                        "justifyContent": "center",
                      },
                      undefined,
                    ],
                  ]
                }
                testID="registration-button"
              >
                <View
                  style={
                    [
                      {
                        "alignItems": "center",
                        "justifyContent": "center",
                      },
                      {
                        "height": 24,
                        "width": 24,
                      },
                    ]
                  }
                >
                  <View
                    collapsable={false}
                    style={
                      {
                        "bottom": 0,
                        "left": 0,
                        "opacity": 1,
                        "position": "absolute",
                        "right": 0,
                        "top": 0,
                        "transform": [
                          {
                            "rotate": "0deg",
                          },
                        ],
                      }
                    }
                    testID="cross-fade-icon-current"
                  >
                    <View>
                      <RNSVGSvgView
                        align="xMidYMid"
                        bbHeight={28}
                        bbWidth={28}
                        fill="transparent"
                        focusable={false}
                        height={28}
                        meetOrSlice={0}
                        minX={0}
                        minY={0}
                        stroke="#000"
                        strokeLinecap="round"
                        strokeLinejoin="round"
                        strokeWidth={2}
                        style={
                          [
                            {
                              "backgroundColor": "transparent",
                              "borderWidth": 0,
                            },
                            {
                              "flex": 0,
                              "height": 28,
                              "width": 28,
                            },
                          ]
                        }
                        vbHeight={24}
                        vbWidth={24}
                        width={28}
                        xmlns="http://www.w3.org/2000/svg"
                      >
                        <RNSVGGroup
                          fill={
                            {
                              "payload": 0,
                              "type": 0,
                            }
                          }
                          propList={
                            [
                              "fill",
                              "stroke",
                              "strokeWidth",
                              "strokeLinecap",
                              "strokeLinejoin",
                            ]
                          }
                          stroke={
                            {
                              "payload": 4278190080,
                              "type": 0,
                            }
                          }
                          strokeLinecap={1}
                          strokeLinejoin={1}
                          strokeWidth={2}
                        >
                          <RNSVGPath
                            d="M5 12h14"
                            fill={
                              {
                                "payload": 0,
                                "type": 0,
                              }
                            }
                            propList={
                              [
                                "fill",
                                "stroke",
                                "strokeWidth",
                                "strokeLinecap",
                                "strokeLinejoin",
                              ]
                            }
                            stroke={
                              {
                                "payload": 4278190080,
                                "type": 0,
                              }
                            }
                            strokeLinecap={1}
                            strokeLinejoin={1}
                            strokeWidth={2}
                          />
                          <RNSVGPath
                            d="m12 5 7 7-7 7"
                            fill={
                              {
                                "payload": 0,
                                "type": 0,
                              }
                            }
                            propList={
                              [
                                "fill",
                                "stroke",
                                "strokeWidth",
                                "strokeLinecap",
                                "strokeLinejoin",
                              ]
                            }
                            stroke={
                              {
                                "payload": 4278190080,
                                "type": 0,
                              }
                            }
                            strokeLinecap={1}
                            strokeLinejoin={1}
                            strokeWidth={2}
                          />
                        </RNSVGGroup>
                      </RNSVGSvgView>
                    </View>
                  </View>
                </View>
              </View>
            </View>
          </View>
        </View>
      </View>
    </View>
  </View>,
  <RCTScrollView
    className="px-3"
    showsVerticalScrollIndicator={false}
  >
    <View>
      <Text
        style={
          [
            {
              "color": "#11181C",
            },
            undefined,
            undefined,
            {
              "color": undefined,
              "fontFamily": undefined,
              "fontSize": 20,
            },
            undefined,
            undefined,
            undefined,
            undefined,
            undefined,
            undefined,
          ]
        }
      >
        Full Name
      </Text>
      <View
        className="flex-row gap-3 w-full"
      >
        <View
          style={
            {
              "width": "47%",
            }
          }
        >
          <View
            className="flex-1"
          >
            <View
              style={
                {
                  "marginBottom": 12,
                }
              }
            >
              <TextInput
                keyboardType="default"
                multiline={false}
                onBlur={[Function]}
                onChangeText={[Function]}
                onFocus={[Function]}
                placeholder="Firstname"
                secureTextEntry={false}
                selectionColor="#f00"
                style={
                  {
                    "backgroundColor": "#fff",
                    "borderColor": undefined,
                    "borderRadius": 6,
                    "borderWidth": 1,
                    "color": undefined,
                    "fontFamily": undefined,
                    "fontSize": 20,
                    "paddingHorizontal": 12,
                    "paddingVertical": 10,
                  }
                }
                value=""
              />
            </View>
          </View>
        </View>
        <View
          className="flex-1"
        >
          <View
            style={
              {
                "marginBottom": 12,
              }
            }
          >
            <TextInput
              keyboardType="default"
              multiline={false}
              onBlur={[Function]}
              onChangeText={[Function]}
              onFocus={[Function]}
              placeholder="Lastname"
              secureTextEntry={false}
              selectionColor="#f00"
              style={
                {
                  "backgroundColor": "#fff",
                  "borderColor": undefined,
                  "borderRadius": 6,
                  "borderWidth": 1,
                  "color": undefined,
                  "fontFamily": undefined,
                  "fontSize": 20,
                  "paddingHorizontal": 12,
                  "paddingVertical": 10,
                }
              }
              value=""
            />
          </View>
        </View>
      </View>
      <Text
        className="mt-2"
        style={
          [
            {
              "color": "#11181C",
            },
            undefined,
            undefined,
            {
              "color": undefined,
              "fontFamily": undefined,
              "fontSize": 20,
            },
            undefined,
            undefined,
            undefined,
            undefined,
            undefined,
            undefined,
          ]
        }
      >
        Birth Date
      </Text>
      <View
        className="flex-row gap-3"
      >
        <View
          className="flex-1"
        >
          <View
            style={
              {
                "marginBottom": 12,
              }
            }
          >
            <TextInput
              keyboardType="numeric"
              multiline={false}
              onBlur={[Function]}
              onChangeText={[Function]}
              onFocus={[Function]}
              placeholder="DD"
              secureTextEntry={false}
              selectionColor="#f00"
              style={
                {
                  "backgroundColor": "#fff",
                  "borderColor": undefined,
                  "borderRadius": 6,
                  "borderWidth": 1,
                  "color": undefined,
                  "fontFamily": undefined,
                  "fontSize": 20,
                  "paddingHorizontal": 12,
                  "paddingVertical": 10,
                }
              }
              value=""
            />
          </View>
        </View>
        <View
          style={
            {
              "width": "25%",
            }
          }
        >
          <View
            style={
              {
                "marginBottom": 12,
              }
            }
          >
            <TextInput
              keyboardType="numeric"
              multiline={false}
              onBlur={[Function]}
              onChangeText={[Function]}
              onFocus={[Function]}
              placeholder="MM"
              secureTextEntry={false}
              selectionColor="#f00"
              style={
                {
                  "backgroundColor": "#fff",
                  "borderColor": undefined,
                  "borderRadius": 6,
                  "borderWidth": 1,
                  "color": undefined,
                  "fontFamily": undefined,
                  "fontSize": 20,
                  "paddingHorizontal": 12,
                  "paddingVertical": 10,
                }
              }
              value=""
            />
          </View>
        </View>
        <View
          style={
            {
              "width": "50%",
            }
          }
        >
          <View
            style={
              {
                "marginBottom": 12,
              }
            }
          >
            <TextInput
              keyboardType="numeric"
              multiline={false}
              onBlur={[Function]}
              onChangeText={[Function]}
              onFocus={[Function]}
              placeholder="YYYY"
              secureTextEntry={false}
              selectionColor="#f00"
              style={
                {
                  "backgroundColor": "#fff",
                  "borderColor": undefined,
                  "borderRadius": 6,
                  "borderWidth": 1,
                  "color": undefined,
                  "fontFamily": undefined,
                  "fontSize": 20,
                  "paddingHorizontal": 12,
                  "paddingVertical": 10,
                }
              }
              value=""
            />
          </View>
        </View>
      </View>
      <View
        className="mb-3"
      />
      <Text
        className="mt-2"
        style={
          [
            {
              "color": "#11181C",
            },
            undefined,
            undefined,
            {
              "color": undefined,
              "fontFamily": undefined,
              "fontSize": 20,
            },
            undefined,
            undefined,
            undefined,
            undefined,
            undefined,
            undefined,
          ]
        }
      >
        Contact information
      </Text>
      <View
        style={
          {
            "marginBottom": 12,
          }
        }
      >
        <TextInput
          keyboardType="email-address"
          multiline={false}
          onBlur={[Function]}
          onChangeText={[Function]}
          onFocus={[Function]}
          placeholder="Email"
          secureTextEntry={false}
          selectionColor="#f00"
          style={
            {
              "backgroundColor": "#fff",
              "borderColor": undefined,
              "borderRadius": 6,
              "borderWidth": 1,
              "color": undefined,
              "fontFamily": undefined,
              "fontSize": 20,
              "paddingHorizontal": 12,
              "paddingVertical": 10,
            }
          }
          value=""
        />
      </View>
      <Text
        className="mt-6"
        style={
          [
            {
              "color": "#11181C",
            },
            undefined,
            undefined,
            {
              "color": undefined,
              "fontFamily": undefined,
              "fontSize": 20,
            },
            undefined,
            undefined,
            undefined,
            undefined,
            undefined,
            undefined,
          ]
        }
      >
        Account
      </Text>
      <View
        style={
          {
            "marginBottom": 12,
          }
        }
      >
        <TextInput
          keyboardType="default"
          multiline={false}
          onBlur={[Function]}
          onChangeText={[Function]}
          onFocus={[Function]}
          placeholder="Username"
          secureTextEntry={false}
          selectionColor="#f00"
          style={
            {
              "backgroundColor": "#fff",
              "borderColor": undefined,
              "borderRadius": 6,
              "borderWidth": 1,
              "color": undefined,
              "fontFamily": undefined,
              "fontSize": 20,
              "paddingHorizontal": 12,
              "paddingVertical": 10,
            }
          }
          value=""
        />
      </View>
      <View
        style={
          {
            "marginBottom": 12,
          }
        }
      >
        <TextInput
          keyboardType="default"
          multiline={false}
          onBlur={[Function]}
          onChangeText={[Function]}
          onFocus={[Function]}
          placeholder="Password"
          secureTextEntry={true}
          selectionColor="#f00"
          style={
            {
              "backgroundColor": "#fff",
              "borderColor": undefined,
              "borderRadius": 6,
              "borderWidth": 1,
              "color": undefined,
              "fontFamily": undefined,
              "fontSize": 20,
              "paddingHorizontal": 12,
              "paddingVertical": 10,
            }
          }
          value=""
        />
        <View
          accessibilityState={
            {
              "busy": undefined,
              "checked": undefined,
              "disabled": undefined,
              "expanded": undefined,
              "selected": undefined,
            }
          }
          accessibilityValue={
            {
              "max": undefined,
              "min": undefined,
              "now": undefined,
              "text": undefined,
            }
          }
          accessible={true}
          className="absolute right-4 top-1/2 -translate-y-1/2"
          collapsable={false}
          focusable={true}
          onBlur={[Function]}
          onClick={[Function]}
          onFocus={[Function]}
          onResponderGrant={[Function]}
          onResponderMove={[Function]}
          onResponderRelease={[Function]}
          onResponderTerminate={[Function]}
          onResponderTerminationRequest={[Function]}
          onStartShouldSetResponder={[Function]}
        >
          <RNSVGSvgView
            align="xMidYMid"
            bbHeight={30}
            bbWidth={30}
            fill="none"
            focusable={false}
            height={30}
            meetOrSlice={0}
            minX={0}
            minY={0}
            stroke="currentColor"
            strokeLinecap="round"
            strokeLinejoin="round"
            strokeWidth={2}
            style={
              [
                {
                  "backgroundColor": "transparent",
                  "borderWidth": 0,
                },
                {
                  "flex": 0,
                  "height": 30,
                  "width": 30,
                },
              ]
            }
            vbHeight={24}
            vbWidth={24}
            width={30}
            xmlns="http://www.w3.org/2000/svg"
          >
            <RNSVGGroup
              fill={null}
              propList={
                [
                  "fill",
                  "stroke",
                  "strokeWidth",
                  "strokeLinecap",
                  "strokeLinejoin",
                ]
              }
              stroke={
                {
                  "type": 2,
                }
              }
              strokeLinecap={1}
              strokeLinejoin={1}
              strokeWidth={2}
            >
              <RNSVGPath
                d="M2.062 12.348a1 1 0 0 1 0-.696 10.75 10.75 0 0 1 19.876 0 1 1 0 0 1 0 .696 10.75 10.75 0 0 1-19.876 0"
                fill={null}
                propList={
                  [
                    "fill",
                    "stroke",
                    "strokeWidth",
                    "strokeLinecap",
                    "strokeLinejoin",
                  ]
                }
                stroke={
                  {
                    "type": 2,
                  }
                }
                strokeLinecap={1}
                strokeLinejoin={1}
                strokeWidth={2}
              />
              <RNSVGCircle
                cx="12"
                cy="12"
                fill={null}
                propList={
                  [
                    "fill",
                    "stroke",
                    "strokeWidth",
                    "strokeLinecap",
                    "strokeLinejoin",
                  ]
                }
                r="3"
                stroke={
                  {
                    "type": 2,
                  }
                }
                strokeLinecap={1}
                strokeLinejoin={1}
                strokeWidth={2}
              />
            </RNSVGGroup>
          </RNSVGSvgView>
        </View>
      </View>
      <View
        style={
          {
            "marginBottom": 12,
          }
        }
      >
        <TextInput
          keyboardType="default"
          multiline={false}
          onBlur={[Function]}
          onChangeText={[Function]}
          onFocus={[Function]}
          placeholder="Confirm Password"
          secureTextEntry={true}
          selectionColor="#f00"
          style={
            {
              "backgroundColor": "#fff",
              "borderColor": undefined,
              "borderRadius": 6,
              "borderWidth": 1,
              "color": undefined,
              "fontFamily": undefined,
              "fontSize": 20,
              "paddingHorizontal": 12,
              "paddingVertical": 10,
            }
          }
          value=""
        />
        <View
          accessibilityState={
            {
              "busy": undefined,
              "checked": undefined,
              "disabled": undefined,
              "expanded": undefined,
              "selected": undefined,
            }
          }
          accessibilityValue={
            {
              "max": undefined,
              "min": undefined,
              "now": undefined,
              "text": undefined,
            }
          }
          accessible={true}
          className="absolute right-4 top-1/2 -translate-y-1/2"
          collapsable={false}
          focusable={true}
          onBlur={[Function]}
          onClick={[Function]}
          onFocus={[Function]}
          onResponderGrant={[Function]}
          onResponderMove={[Function]}
          onResponderRelease={[Function]}
          onResponderTerminate={[Function]}
          onResponderTerminationRequest={[Function]}
          onStartShouldSetResponder={[Function]}
        >
          <RNSVGSvgView
            align="xMidYMid"
            bbHeight={30}
            bbWidth={30}
            fill="none"
            focusable={false}
            height={30}
            meetOrSlice={0}
            minX={0}
            minY={0}
            stroke="currentColor"
            strokeLinecap="round"
            strokeLinejoin="round"
            strokeWidth={2}
            style={
              [
                {
                  "backgroundColor": "transparent",
                  "borderWidth": 0,
                },
                {
                  "flex": 0,
                  "height": 30,
                  "width": 30,
                },
              ]
            }
            vbHeight={24}
            vbWidth={24}
            width={30}
            xmlns="http://www.w3.org/2000/svg"
          >
            <RNSVGGroup
              fill={null}
              propList={
                [
                  "fill",
                  "stroke",
                  "strokeWidth",
                  "strokeLinecap",
                  "strokeLinejoin",
                ]
              }
              stroke={
                {
                  "type": 2,
                }
              }
              strokeLinecap={1}
              strokeLinejoin={1}
              strokeWidth={2}
            >
              <RNSVGPath
                d="M2.062 12.348a1 1 0 0 1 0-.696 10.75 10.75 0 0 1 19.876 0 1 1 0 0 1 0 .696 10.75 10.75 0 0 1-19.876 0"
                fill={null}
                propList={
                  [
                    "fill",
                    "stroke",
                    "strokeWidth",
                    "strokeLinecap",
                    "strokeLinejoin",
                  ]
                }
                stroke={
                  {
                    "type": 2,
                  }
                }
                strokeLinecap={1}
                strokeLinejoin={1}
                strokeWidth={2}
              />
              <RNSVGCircle
                cx="12"
                cy="12"
                fill={null}
                propList={
                  [
                    "fill",
                    "stroke",
                    "strokeWidth",
                    "strokeLinecap",
                    "strokeLinejoin",
                  ]
                }
                r="3"
                stroke={
                  {
                    "type": 2,
                  }
                }
                strokeLinecap={1}
                strokeLinejoin={1}
                strokeWidth={2}
              />
            </RNSVGGroup>
          </RNSVGSvgView>
        </View>
      </View>
      <View
        className="flex-row items-center mt-4 mb-10"
      >
        <Text
          accessibilityRole="checkbox"
          accessibilityState={
            {
              "checked": false,
            }
          }
          onPress={[Function]}
        >
          checkbox-
          unchecked
        </Text>
        <Text
          className="defaultText"
          style={
            [
              {
                "color": "#11181C",
              },
              {
                "color": undefined,
                "fontFamily": "System",
                "fontSize": 26,
              },
              undefined,
              undefined,
              undefined,
              undefined,
              undefined,
              undefined,
              undefined,
              undefined,
            ]
          }
        >
          I agree to the terms and conditions
        </Text>
      </View>
      <View
        style={
          {
            "alignItems": "center",
            "marginBottom": 25,
          }
        }
      >
        <View
          collapsable={false}
          style={
            {
              "backgroundColor": "rgba(0, 0, 0, 0)",
              "borderRadius": 20,
              "shadowColor": "#000",
              "shadowOffset": {
                "height": 0,
                "width": 0,
              },
              "shadowOpacity": 0,
              "shadowRadius": 0,
            }
          }
          testID="button-container-outer-layer"
        >
          <View
            collapsable={false}
            style={
              {
                "backgroundColor": "rgba(0, 0, 0, 0)",
                "borderColor": "transparent",
                "borderRadius": 20,
                "borderStyle": "solid",
                "borderWidth": 0,
                "flex": undefined,
                "minWidth": 64,
                "shadowColor": "#000",
                "shadowOffset": {
                  "height": 0,
                  "width": 0,
                },
                "shadowOpacity": 0,
                "shadowRadius": 0,
              }
            }
            testID="button-container"
          >
            <View
              accessibilityRole="button"
              accessibilityState={
                {
                  "busy": undefined,
                  "checked": undefined,
                  "disabled": true,
                  "expanded": undefined,
                  "selected": undefined,
                }
              }
              accessibilityValue={
                {
                  "max": undefined,
                  "min": undefined,
                  "now": undefined,
                  "text": undefined,
                }
              }
              accessible={true}
              collapsable={false}
              focusable={true}
              onBlur={[Function]}
              onClick={[Function]}
              onFocus={[Function]}
              onResponderGrant={[Function]}
              onResponderMove={[Function]}
              onResponderRelease={[Function]}
              onResponderTerminate={[Function]}
              onResponderTerminationRequest={[Function]}
              onStartShouldSetResponder={[Function]}
              style={
                [
                  {
                    "overflow": "hidden",
                  },
                  {
                    "borderRadius": 20,
                  },
                ]
              }
              testID="button"
            >
              <View
                style={
                  [
                    {
                      "alignItems": "center",
                      "flexDirection": "row",
                      "justifyContent": "center",
                    },
                    undefined,
                  ]
                }
              >
                <Text
                  numberOfLines={1}
                  selectable={false}
                  style={
                    [
                      {
                        "textAlign": "left",
                      },
                      {
                        "color": "rgba(28, 27, 31, 1)",
                        "writingDirection": "ltr",
                      },
                      [
                        {
                          "fontFamily": "System",
                          "fontSize": 14,
                          "fontWeight": "500",
                          "letterSpacing": 0.1,
                          "lineHeight": 20,
                        },
                        [
                          {
                            "marginHorizontal": 16,
                            "marginVertical": 9,
                            "textAlign": "center",
                          },
                          false,
                          {
                            "marginHorizontal": 24,
                            "marginVertical": 10,
                          },
                          undefined,
                          false,
                          {
                            "color": "rgba(28, 27, 31, 0.38)",
                            "fontFamily": "System",
                            "fontSize": 14,
                            "fontWeight": "500",
                            "letterSpacing": 0.1,
                            "lineHeight": 20,
                          },
                          {
                            "color": "#fff",
                            "fontFamily": "System",
                            "fontSize": 24,
                          },
                        ],
                      ],
                    ]
                  }
                  testID="button-text"
                >
                  Create account
                </Text>
              </View>
            </View>
          </View>
        </View>
      </View>
    </View>
  </RCTScrollView>,
]
`;
