// Jest Snapshot v1, https://goo.gl/fbAQLP

exports[`<SpecificRecipe /> snapshot 1`] = `
<View>
  <Text>
    Recipe
  </Text>
  <View
    className="flex-1 items-center justify-center"
  >
    <View />
    <Text
      className="mt-3"
      type="defaultText"
    >
      Loading recipe...
    </Text>
  </View>
  <View
    style={
      {
        "alignItems": "center",
        "bottom": 10,
        "left": 0,
        "position": "absolute",
        "right": 0,
      }
    }
  >
    <View
      accessibilityState={
        {
          "busy": undefined,
          "checked": undefined,
          "disabled": undefined,
          "expanded": undefined,
          "selected": undefined,
        }
      }
      accessibilityValue={
        {
          "max": undefined,
          "min": undefined,
          "now": undefined,
          "text": undefined,
        }
      }
      accessible={true}
      collapsable={false}
      focusable={true}
      onClick={[Function]}
      onResponderGrant={[Function]}
      onResponderMove={[Function]}
      onResponderRelease={[Function]}
      onResponderTerminate={[Function]}
      onResponderTerminationRequest={[Function]}
      onStartShouldSetResponder={[Function]}
      style={
        {
          "backgroundColor": "#000000",
          "borderRadius": 30,
          "opacity": 1,
        }
      }
    >
      <Text>
        Start Brewing
      </Text>
    </View>
  </View>
</View>
`;
