// Jest Snapshot v1, https://goo.gl/fbAQLP

exports[`<StoreItem /> minimal test matches snapshot after loading item 1`] = `
<View>
  <RCTScrollView
    className="flex-1 mx-3"
    showsVerticalScrollIndicator={false}
  >
    <View>
      <View>
        <RCTScrollView
          data={
            [
              {
                "id": "0",
                "source": {
                  "testUri": "../../../assets/images/starterkit2.png",
                },
              },
            ]
          }
          getItem={[Function]}
          getItemCount={[Function]}
          horizontal={true}
          keyExtractor={[Function]}
          onContentSizeChange={[Function]}
          onLayout={[Function]}
          onMomentumScrollBegin={[Function]}
          onMomentumScrollEnd={[Function]}
          onScroll={[Function]}
          onScrollBeginDrag={[Function]}
          onScrollEndDrag={[Function]}
          pagingEnabled={true}
          removeClippedSubviews={false}
          renderItem={[Function]}
          scrollEventThrottle={0.0001}
          showsHorizontalScrollIndicator={false}
          stickyHeaderIndices={[]}
          viewabilityConfigCallbackPairs={[]}
        >
          <View>
            <View
              onFocusCapture={[Function]}
              onLayout={[Function]}
              style={
                [
                  {
                    "flexDirection": "row",
                  },
                  null,
                ]
              }
            >
              <View
                style={
                  {
                    "borderRadius": 20,
                    "height": 547.5,
                    "overflow": "hidden",
                    "width": 730,
                  }
                }
              >
                <Image
                  resizeMode="cover"
                  source={
                    {
                      "testUri": "../../../assets/images/starterkit2.png",
                    }
                  }
                  style={
                    {
                      "height": "100%",
                      "width": "100%",
                    }
                  }
                />
              </View>
            </View>
          </View>
        </RCTScrollView>
        <View
          style={
            {
              "bottom": 8,
              "flexDirection": "row",
              "gap": 6,
              "justifyContent": "center",
              "left": 0,
              "position": "absolute",
              "right": 0,
            }
          }
        >
          <View
            style={
              {
                "backgroundColor": "#B45309",
                "borderColor": "rgba(0,0,0,0.12)",
                "borderRadius": 5,
                "borderWidth": 1,
                "height": 10,
                "marginHorizontal": 2,
                "width": 10,
              }
            }
          />
        </View>
      </View>
      <View
        style={
          {
            "alignItems": "center",
            "flexDirection": "row",
            "justifyContent": "space-between",
            "marginBottom": 16,
            "marginTop": 12,
          }
        }
      >
        <Text>
          € 32,99
        </Text>
      </View>
      <Text>
        Slightly bitter with a fruity undertone
      </Text>
    </View>
  </RCTScrollView>
  <View
    style={
      {
        "alignItems": "center",
        "bottom": 16,
        "flexDirection": "row",
        "justifyContent": "space-between",
        "left": 16,
        "position": "absolute",
        "right": 16,
      }
    }
  >
    <View
      style={
        {
          "alignItems": "center",
          "flexDirection": "row",
        }
      }
    >
      <View
        accessibilityState={
          {
            "busy": undefined,
            "checked": undefined,
            "disabled": undefined,
            "expanded": undefined,
            "selected": undefined,
          }
        }
        accessibilityValue={
          {
            "max": undefined,
            "min": undefined,
            "now": undefined,
            "text": undefined,
          }
        }
        accessible={true}
        collapsable={false}
        focusable={true}
        hitSlop={8}
        onBlur={[Function]}
        onClick={[Function]}
        onFocus={[Function]}
        onResponderGrant={[Function]}
        onResponderMove={[Function]}
        onResponderRelease={[Function]}
        onResponderTerminate={[Function]}
        onResponderTerminationRequest={[Function]}
        onStartShouldSetResponder={[Function]}
        style={
          {
            "alignItems": "center",
            "height": 40,
            "justifyContent": "center",
            "width": 40,
          }
        }
        testID="quantity-minus"
      >
        <RNSVGSvgView
          align="xMidYMid"
          bbHeight={30}
          bbWidth={30}
          fill="none"
          focusable={false}
          height={30}
          meetOrSlice={0}
          minX={0}
          minY={0}
          stroke="#78716c"
          strokeLinecap="round"
          strokeLinejoin="round"
          strokeWidth={2}
          style={
            [
              {
                "backgroundColor": "transparent",
                "borderWidth": 0,
              },
              {
                "flex": 0,
                "height": 30,
                "width": 30,
              },
            ]
          }
          vbHeight={24}
          vbWidth={24}
          width={30}
          xmlns="http://www.w3.org/2000/svg"
        >
          <RNSVGGroup
            fill={null}
            propList={
              [
                "fill",
                "stroke",
                "strokeWidth",
                "strokeLinecap",
                "strokeLinejoin",
              ]
            }
            stroke={
              {
                "payload": 4286083436,
                "type": 0,
              }
            }
            strokeLinecap={1}
            strokeLinejoin={1}
            strokeWidth={2}
          >
            <RNSVGCircle
              cx="12"
              cy="12"
              fill={null}
              propList={
                [
                  "fill",
                  "stroke",
                  "strokeWidth",
                  "strokeLinecap",
                  "strokeLinejoin",
                ]
              }
              r="10"
              stroke={
                {
                  "payload": 4286083436,
                  "type": 0,
                }
              }
              strokeLinecap={1}
              strokeLinejoin={1}
              strokeWidth={2}
            />
            <RNSVGPath
              d="M8 12h8"
              fill={null}
              propList={
                [
                  "fill",
                  "stroke",
                  "strokeWidth",
                  "strokeLinecap",
                  "strokeLinejoin",
                ]
              }
              stroke={
                {
                  "payload": 4286083436,
                  "type": 0,
                }
              }
              strokeLinecap={1}
              strokeLinejoin={1}
              strokeWidth={2}
            />
          </RNSVGGroup>
        </RNSVGSvgView>
      </View>
      <Text>
        1
      </Text>
      <View
        accessibilityState={
          {
            "busy": undefined,
            "checked": undefined,
            "disabled": undefined,
            "expanded": undefined,
            "selected": undefined,
          }
        }
        accessibilityValue={
          {
            "max": undefined,
            "min": undefined,
            "now": undefined,
            "text": undefined,
          }
        }
        accessible={true}
        collapsable={false}
        focusable={true}
        hitSlop={8}
        onBlur={[Function]}
        onClick={[Function]}
        onFocus={[Function]}
        onResponderGrant={[Function]}
        onResponderMove={[Function]}
        onResponderRelease={[Function]}
        onResponderTerminate={[Function]}
        onResponderTerminationRequest={[Function]}
        onStartShouldSetResponder={[Function]}
        style={
          {
            "alignItems": "center",
            "height": 40,
            "justifyContent": "center",
            "width": 40,
          }
        }
        testID="quantity-plus"
      >
        <RNSVGSvgView
          align="xMidYMid"
          bbHeight={30}
          bbWidth={30}
          fill="none"
          focusable={false}
          height={30}
          meetOrSlice={0}
          minX={0}
          minY={0}
          stroke="#78716c"
          strokeLinecap="round"
          strokeLinejoin="round"
          strokeWidth={2}
          style={
            [
              {
                "backgroundColor": "transparent",
                "borderWidth": 0,
              },
              {
                "flex": 0,
                "height": 30,
                "width": 30,
              },
            ]
          }
          vbHeight={24}
          vbWidth={24}
          width={30}
          xmlns="http://www.w3.org/2000/svg"
        >
          <RNSVGGroup
            fill={null}
            propList={
              [
                "fill",
                "stroke",
                "strokeWidth",
                "strokeLinecap",
                "strokeLinejoin",
              ]
            }
            stroke={
              {
                "payload": 4286083436,
                "type": 0,
              }
            }
            strokeLinecap={1}
            strokeLinejoin={1}
            strokeWidth={2}
          >
            <RNSVGCircle
              cx="12"
              cy="12"
              fill={null}
              propList={
                [
                  "fill",
                  "stroke",
                  "strokeWidth",
                  "strokeLinecap",
                  "strokeLinejoin",
                ]
              }
              r="10"
              stroke={
                {
                  "payload": 4286083436,
                  "type": 0,
                }
              }
              strokeLinecap={1}
              strokeLinejoin={1}
              strokeWidth={2}
            />
            <RNSVGPath
              d="M8 12h8"
              fill={null}
              propList={
                [
                  "fill",
                  "stroke",
                  "strokeWidth",
                  "strokeLinecap",
                  "strokeLinejoin",
                ]
              }
              stroke={
                {
                  "payload": 4286083436,
                  "type": 0,
                }
              }
              strokeLinecap={1}
              strokeLinejoin={1}
              strokeWidth={2}
            />
            <RNSVGPath
              d="M12 8v8"
              fill={null}
              propList={
                [
                  "fill",
                  "stroke",
                  "strokeWidth",
                  "strokeLinecap",
                  "strokeLinejoin",
                ]
              }
              stroke={
                {
                  "payload": 4286083436,
                  "type": 0,
                }
              }
              strokeLinecap={1}
              strokeLinejoin={1}
              strokeWidth={2}
            />
          </RNSVGGroup>
        </RNSVGSvgView>
      </View>
    </View>
    <View
      collapsable={false}
      style={
        {
          "backgroundColor": "#78350F",
          "borderRadius": 20,
          "opacity": 1,
          "shadowColor": "#000",
          "shadowOffset": {
            "height": 4,
            "width": 0,
          },
          "shadowOpacity": 0.15,
          "shadowRadius": 8,
          "transform": [
            {
              "scale": 1,
            },
          ],
        }
      }
      testID="fab-add-to-order-container-outer-layer"
    >
      <View
        collapsable={false}
        pointerEvents="auto"
        style={
          {
            "backgroundColor": "#78350F",
            "borderRadius": 20,
            "flex": undefined,
            "shadowColor": "#000",
            "shadowOffset": {
              "height": 1,
              "width": 0,
            },
            "shadowOpacity": 0.3,
            "shadowRadius": 3,
          }
        }
        testID="fab-add-to-order-container"
      >
        <View
          accessibilityLabel="Add to order"
          accessibilityRole="button"
          accessibilityState={
            {
              "busy": undefined,
              "checked": undefined,
              "disabled": false,
              "expanded": undefined,
              "selected": undefined,
            }
          }
          accessibilityValue={
            {
              "max": undefined,
              "min": undefined,
              "now": undefined,
              "text": undefined,
            }
          }
          accessible={true}
          collapsable={false}
          focusable={true}
          onBlur={[Function]}
          onClick={[Function]}
          onFocus={[Function]}
          onResponderGrant={[Function]}
          onResponderMove={[Function]}
          onResponderRelease={[Function]}
          onResponderTerminate={[Function]}
          onResponderTerminationRequest={[Function]}
          onStartShouldSetResponder={[Function]}
          style={
            [
              {
                "overflow": "hidden",
              },
              {
                "borderRadius": 20,
              },
            ]
          }
          testID="fab-add-to-order"
        >
          <View
            pointerEvents="none"
            style={
              [
                {
                  "alignItems": "center",
                  "flexDirection": "row",
                  "justifyContent": "center",
                },
                {
                  "borderRadius": 16,
                  "height": 56,
                  "paddingHorizontal": 16,
                },
              ]
            }
            testID="fab-add-to-order-content"
          >
            <Text
              selectable={false}
              style={
                [
                  {
                    "textAlign": "left",
                  },
                  {
                    "color": "rgba(28, 27, 31, 1)",
                    "writingDirection": "ltr",
                  },
                  [
                    {
                      "fontFamily": "System",
                      "fontSize": 14,
                      "fontWeight": "500",
                      "letterSpacing": 0.1,
                      "lineHeight": 20,
                    },
                    [
                      {
                        "marginHorizontal": 8,
                      },
                      false,
                      {
                        "color": "#FFFFFF",
                        "fontFamily": "Battambang",
                        "fontSize": 16,
                        "fontWeight": "500",
                        "letterSpacing": 0.1,
                        "lineHeight": 20,
                      },
                    ],
                  ],
                ]
              }
              testID="fab-add-to-order-text"
            >
              Add to order
            </Text>
          </View>
        </View>
      </View>
    </View>
  </View>
</View>
`;
